// Jest Snapshot v1, https://goo.gl/fbAQLP

exports[`Board snapshot renders 1`] = `
<div
  className="board"
/>
`;
