// Jest Snapshot v1, https://goo.gl/fbAQLP

exports[`NewGameButton snapshot renders 1`] = `
<button
  className="new-game-button"
>
  New Game
</button>
`;
